// Jest Snapshot v1, https://goo.gl/fbAQLP

exports[`custom metchers 1`] = `
[MockFunction] {
  "calls": [
    [],
    [
      "arg1",
      "arg2",
    ],
    [
      "arg1",
      "arg2",
    ],
  ],
  "results": [
    {
      "type": "return",
      "value": undefined,
    },
    {
      "type": "return",
      "value": undefined,
    },
    {
      "type": "return",
      "value": undefined,
    },
  ],
}
`;
